▲ Next.js 16.2.9
- Local:         http://localhost:3017
- Network:       http://0.0.0.0:3017
✓ Ready in 0ms
⨯ TypeError: Failed to parse URL from undefined/api/auth/jwt/create
    at d (D:\personal\crai\crai-frontend\.next\standalone\.next\server\chunks\ssr\[root-of-the-server]__0fw3mdu._.js:17:7954)
    at R (D:\personal\crai\crai-frontend\.next\standalone\.next\server\chunks\ssr\[root-of-the-server]__0fw3mdu._.js:17:14281)
    at <unknown> (D:\personal\crai\crai-frontend\.next\standalone\.next\server\chunks\ssr\[root-of-the-server]__0fw3mdu._.js:17:16887)
    at <unknown> (D:\personal\crai\crai-frontend\.next\standalone\.next\server\chunks\ssr\[root-of-the-server]__0fw3mdu._.js:1:30866)
    at <unknown> (D:\personal\crai\crai-frontend\.next\standalone\.next\server\chunks\ssr\[root-of-the-server]__0fw3mdu._.js:1:30394) {
  [cause]: TypeError: Invalid URL
      at d (D:\personal\crai\crai-frontend\.next\standalone\.next\server\chunks\ssr\[root-of-the-server]__0fw3mdu._.js:17:7954)
      at R (D:\personal\crai\crai-frontend\.next\standalone\.next\server\chunks\ssr\[root-of-the-server]__0fw3mdu._.js:17:14281)
      at <unknown> (D:\personal\crai\crai-frontend\.next\standalone\.next\server\chunks\ssr\[root-of-the-server]__0fw3mdu._.js:17:16887)
      at <unknown> (D:\personal\crai\crai-frontend\.next\standalone\.next\server\chunks\ssr\[root-of-the-server]__0fw3mdu._.js:1:30866) {
    code: 'ERR_INVALID_URL',
    input: 'undefined/api/auth/jwt/create'
  }
}
⨯ TypeError: Failed to parse URL from undefined/api/auth/jwt/create
    at d (D:\personal\crai\crai-frontend\.next\standalone\.next\server\chunks\ssr\[root-of-the-server]__0fw3mdu._.js:17:7954)
    at R (D:\personal\crai\crai-frontend\.next\standalone\.next\server\chunks\ssr\[root-of-the-server]__0fw3mdu._.js:17:14281)
    at <unknown> (D:\personal\crai\crai-frontend\.next\standalone\.next\server\chunks\ssr\[root-of-the-server]__0fw3mdu._.js:17:16887)
    at <unknown> (D:\personal\crai\crai-frontend\.next\standalone\.next\server\chunks\ssr\[root-of-the-server]__0fw3mdu._.js:1:30866)
    at <unknown> (D:\personal\crai\crai-frontend\.next\standalone\.next\server\chunks\ssr\[root-of-the-server]__0fw3mdu._.js:1:30394) {
  [cause]: TypeError: Invalid URL
      at d (D:\personal\crai\crai-frontend\.next\standalone\.next\server\chunks\ssr\[root-of-the-server]__0fw3mdu._.js:17:7954)
      at R (D:\personal\crai\crai-frontend\.next\standalone\.next\server\chunks\ssr\[root-of-the-server]__0fw3mdu._.js:17:14281)
      at <unknown> (D:\personal\crai\crai-frontend\.next\standalone\.next\server\chunks\ssr\[root-of-the-server]__0fw3mdu._.js:17:16887)
      at <unknown> (D:\personal\crai\crai-frontend\.next\standalone\.next\server\chunks\ssr\[root-of-the-server]__0fw3mdu._.js:1:30866) {
    code: 'ERR_INVALID_URL',
    input: 'undefined/api/auth/jwt/create'
  }
}
⨯ TypeError: Failed to parse URL from undefined/api/auth/jwt/create
    at d (D:\personal\crai\crai-frontend\.next\standalone\.next\server\chunks\ssr\[root-of-the-server]__0fw3mdu._.js:17:7954)
    at R (D:\personal\crai\crai-frontend\.next\standalone\.next\server\chunks\ssr\[root-of-the-server]__0fw3mdu._.js:17:14281)
    at <unknown> (D:\personal\crai\crai-frontend\.next\standalone\.next\server\chunks\ssr\[root-of-the-server]__0fw3mdu._.js:17:16887)
    at <unknown> (D:\personal\crai\crai-frontend\.next\standalone\.next\server\chunks\ssr\[root-of-the-server]__0fw3mdu._.js:1:30866)
    at <unknown> (D:\personal\crai\crai-frontend\.next\standalone\.next\server\chunks\ssr\[root-of-the-server]__0fw3mdu._.js:1:30394) {
  [cause]: TypeError: Invalid URL
      at d (D:\personal\crai\crai-frontend\.next\standalone\.next\server\chunks\ssr\[root-of-the-server]__0fw3mdu._.js:17:7954)
      at R (D:\personal\crai\crai-frontend\.next\standalone\.next\server\chunks\ssr\[root-of-the-server]__0fw3mdu._.js:17:14281)
      at <unknown> (D:\personal\crai\crai-frontend\.next\standalone\.next\server\chunks\ssr\[root-of-the-server]__0fw3mdu._.js:17:16887)
      at <unknown> (D:\personal\crai\crai-frontend\.next\standalone\.next\server\chunks\ssr\[root-of-the-server]__0fw3mdu._.js:1:30866) {
    code: 'ERR_INVALID_URL',
    input: 'undefined/api/auth/jwt/create'
  }
}
⨯ TypeError: Failed to parse URL from undefined/api/auth/jwt/create
    at d (D:\personal\crai\crai-frontend\.next\standalone\.next\server\chunks\ssr\[root-of-the-server]__0fw3mdu._.js:17:7954)
    at R (D:\personal\crai\crai-frontend\.next\standalone\.next\server\chunks\ssr\[root-of-the-server]__0fw3mdu._.js:17:14281)
    at <unknown> (D:\personal\crai\crai-frontend\.next\standalone\.next\server\chunks\ssr\[root-of-the-server]__0fw3mdu._.js:17:16887)
    at <unknown> (D:\personal\crai\crai-frontend\.next\standalone\.next\server\chunks\ssr\[root-of-the-server]__0fw3mdu._.js:1:30866)
    at <unknown> (D:\personal\crai\crai-frontend\.next\standalone\.next\server\chunks\ssr\[root-of-the-server]__0fw3mdu._.js:1:30394) {
  [cause]: TypeError: Invalid URL
      at d (D:\personal\crai\crai-frontend\.next\standalone\.next\server\chunks\ssr\[root-of-the-server]__0fw3mdu._.js:17:7954)
      at R (D:\personal\crai\crai-frontend\.next\standalone\.next\server\chunks\ssr\[root-of-the-server]__0fw3mdu._.js:17:14281)
      at <unknown> (D:\personal\crai\crai-frontend\.next\standalone\.next\server\chunks\ssr\[root-of-the-server]__0fw3mdu._.js:17:16887)
      at <unknown> (D:\personal\crai\crai-frontend\.next\standalone\.next\server\chunks\ssr\[root-of-the-server]__0fw3mdu._.js:1:30866) {
    code: 'ERR_INVALID_URL',
    input: 'undefined/api/auth/jwt/create'
  }
}
⨯ TypeError: Failed to parse URL from undefined/api/auth/jwt/create
    at d (D:\personal\crai\crai-frontend\.next\standalone\.next\server\chunks\ssr\[root-of-the-server]__0fw3mdu._.js:17:7954)
    at R (D:\personal\crai\crai-frontend\.next\standalone\.next\server\chunks\ssr\[root-of-the-server]__0fw3mdu._.js:17:14281)
    at <unknown> (D:\personal\crai\crai-frontend\.next\standalone\.next\server\chunks\ssr\[root-of-the-server]__0fw3mdu._.js:17:16887)
    at <unknown> (D:\personal\crai\crai-frontend\.next\standalone\.next\server\chunks\ssr\[root-of-the-server]__0fw3mdu._.js:1:30866)
    at <unknown> (D:\personal\crai\crai-frontend\.next\standalone\.next\server\chunks\ssr\[root-of-the-server]__0fw3mdu._.js:1:30394) {
  [cause]: TypeError: Invalid URL
      at d (D:\personal\crai\crai-frontend\.next\standalone\.next\server\chunks\ssr\[root-of-the-server]__0fw3mdu._.js:17:7954)
      at R (D:\personal\crai\crai-frontend\.next\standalone\.next\server\chunks\ssr\[root-of-the-server]__0fw3mdu._.js:17:14281)
      at <unknown> (D:\personal\crai\crai-frontend\.next\standalone\.next\server\chunks\ssr\[root-of-the-server]__0fw3mdu._.js:17:16887)
      at <unknown> (D:\personal\crai\crai-frontend\.next\standalone\.next\server\chunks\ssr\[root-of-the-server]__0fw3mdu._.js:1:30866) {
    code: 'ERR_INVALID_URL',
    input: 'undefined/api/auth/jwt/create'
  }
}
⨯ TypeError: Failed to parse URL from undefined/api/auth/jwt/create
    at d (D:\personal\crai\crai-frontend\.next\standalone\.next\server\chunks\ssr\[root-of-the-server]__0fw3mdu._.js:17:7954)
    at R (D:\personal\crai\crai-frontend\.next\standalone\.next\server\chunks\ssr\[root-of-the-server]__0fw3mdu._.js:17:14281)
    at <unknown> (D:\personal\crai\crai-frontend\.next\standalone\.next\server\chunks\ssr\[root-of-the-server]__0fw3mdu._.js:17:16887)
    at <unknown> (D:\personal\crai\crai-frontend\.next\standalone\.next\server\chunks\ssr\[root-of-the-server]__0fw3mdu._.js:1:30866)
    at <unknown> (D:\personal\crai\crai-frontend\.next\standalone\.next\server\chunks\ssr\[root-of-the-server]__0fw3mdu._.js:1:30394) {
  [cause]: TypeError: Invalid URL
      at d (D:\personal\crai\crai-frontend\.next\standalone\.next\server\chunks\ssr\[root-of-the-server]__0fw3mdu._.js:17:7954)
      at R (D:\personal\crai\crai-frontend\.next\standalone\.next\server\chunks\ssr\[root-of-the-server]__0fw3mdu._.js:17:14281)
      at <unknown> (D:\personal\crai\crai-frontend\.next\standalone\.next\server\chunks\ssr\[root-of-the-server]__0fw3mdu._.js:17:16887)
      at <unknown> (D:\personal\crai\crai-frontend\.next\standalone\.next\server\chunks\ssr\[root-of-the-server]__0fw3mdu._.js:1:30866) {
    code: 'ERR_INVALID_URL',
    input: 'undefined/api/auth/jwt/create'
  }
}
⨯ TypeError: Failed to parse URL from undefined/api/auth/jwt/create
    at d (D:\personal\crai\crai-frontend\.next\standalone\.next\server\chunks\ssr\[root-of-the-server]__0fw3mdu._.js:17:7954)
    at R (D:\personal\crai\crai-frontend\.next\standalone\.next\server\chunks\ssr\[root-of-the-server]__0fw3mdu._.js:17:14281)
    at <unknown> (D:\personal\crai\crai-frontend\.next\standalone\.next\server\chunks\ssr\[root-of-the-server]__0fw3mdu._.js:17:16887)
    at <unknown> (D:\personal\crai\crai-frontend\.next\standalone\.next\server\chunks\ssr\[root-of-the-server]__0fw3mdu._.js:1:30866)
    at <unknown> (D:\personal\crai\crai-frontend\.next\standalone\.next\server\chunks\ssr\[root-of-the-server]__0fw3mdu._.js:1:30394) {
  [cause]: TypeError: Invalid URL
      at d (D:\personal\crai\crai-frontend\.next\standalone\.next\server\chunks\ssr\[root-of-the-server]__0fw3mdu._.js:17:7954)
      at R (D:\personal\crai\crai-frontend\.next\standalone\.next\server\chunks\ssr\[root-of-the-server]__0fw3mdu._.js:17:14281)
      at <unknown> (D:\personal\crai\crai-frontend\.next\standalone\.next\server\chunks\ssr\[root-of-the-server]__0fw3mdu._.js:17:16887)
      at <unknown> (D:\personal\crai\crai-frontend\.next\standalone\.next\server\chunks\ssr\[root-of-the-server]__0fw3mdu._.js:1:30866) {
    code: 'ERR_INVALID_URL',
    input: 'undefined/api/auth/jwt/create'
  }
}
⨯ TypeError: Failed to parse URL from undefined/api/auth/jwt/create
    at d (D:\personal\crai\crai-frontend\.next\standalone\.next\server\chunks\ssr\[root-of-the-server]__0fw3mdu._.js:17:7954)
    at R (D:\personal\crai\crai-frontend\.next\standalone\.next\server\chunks\ssr\[root-of-the-server]__0fw3mdu._.js:17:14281)
    at <unknown> (D:\personal\crai\crai-frontend\.next\standalone\.next\server\chunks\ssr\[root-of-the-server]__0fw3mdu._.js:17:16887)
    at <unknown> (D:\personal\crai\crai-frontend\.next\standalone\.next\server\chunks\ssr\[root-of-the-server]__0fw3mdu._.js:1:30866)
    at <unknown> (D:\personal\crai\crai-frontend\.next\standalone\.next\server\chunks\ssr\[root-of-the-server]__0fw3mdu._.js:1:30394) {
  [cause]: TypeError: Invalid URL
      at d (D:\personal\crai\crai-frontend\.next\standalone\.next\server\chunks\ssr\[root-of-the-server]__0fw3mdu._.js:17:7954)
      at R (D:\personal\crai\crai-frontend\.next\standalone\.next\server\chunks\ssr\[root-of-the-server]__0fw3mdu._.js:17:14281)
      at <unknown> (D:\personal\crai\crai-frontend\.next\standalone\.next\server\chunks\ssr\[root-of-the-server]__0fw3mdu._.js:17:16887)
      at <unknown> (D:\personal\crai\crai-frontend\.next\standalone\.next\server\chunks\ssr\[root-of-the-server]__0fw3mdu._.js:1:30866) {
    code: 'ERR_INVALID_URL',
    input: 'undefined/api/auth/jwt/create'
  }
}
⨯ TypeError: Failed to parse URL from undefined/api/auth/jwt/create
    at d (D:\personal\crai\crai-frontend\.next\standalone\.next\server\chunks\ssr\[root-of-the-server]__0fw3mdu._.js:17:7954)
    at R (D:\personal\crai\crai-frontend\.next\standalone\.next\server\chunks\ssr\[root-of-the-server]__0fw3mdu._.js:17:14281)
    at <unknown> (D:\personal\crai\crai-frontend\.next\standalone\.next\server\chunks\ssr\[root-of-the-server]__0fw3mdu._.js:17:16887)
    at <unknown> (D:\personal\crai\crai-frontend\.next\standalone\.next\server\chunks\ssr\[root-of-the-server]__0fw3mdu._.js:1:30866)
    at <unknown> (D:\personal\crai\crai-frontend\.next\standalone\.next\server\chunks\ssr\[root-of-the-server]__0fw3mdu._.js:1:30394) {
  [cause]: TypeError: Invalid URL
      at d (D:\personal\crai\crai-frontend\.next\standalone\.next\server\chunks\ssr\[root-of-the-server]__0fw3mdu._.js:17:7954)
      at R (D:\personal\crai\crai-frontend\.next\standalone\.next\server\chunks\ssr\[root-of-the-server]__0fw3mdu._.js:17:14281)
      at <unknown> (D:\personal\crai\crai-frontend\.next\standalone\.next\server\chunks\ssr\[root-of-the-server]__0fw3mdu._.js:17:16887)
      at <unknown> (D:\personal\crai\crai-frontend\.next\standalone\.next\server\chunks\ssr\[root-of-the-server]__0fw3mdu._.js:1:30866) {
    code: 'ERR_INVALID_URL',
    input: 'undefined/api/auth/jwt/create'
  }
}
⨯ TypeError: Failed to parse URL from undefined/api/auth/jwt/create
    at d (D:\personal\crai\crai-frontend\.next\standalone\.next\server\chunks\ssr\[root-of-the-server]__0fw3mdu._.js:17:7954)
    at R (D:\personal\crai\crai-frontend\.next\standalone\.next\server\chunks\ssr\[root-of-the-server]__0fw3mdu._.js:17:14281)
    at <unknown> (D:\personal\crai\crai-frontend\.next\standalone\.next\server\chunks\ssr\[root-of-the-server]__0fw3mdu._.js:17:16887)
    at <unknown> (D:\personal\crai\crai-frontend\.next\standalone\.next\server\chunks\ssr\[root-of-the-server]__0fw3mdu._.js:1:30866)
    at <unknown> (D:\personal\crai\crai-frontend\.next\standalone\.next\server\chunks\ssr\[root-of-the-server]__0fw3mdu._.js:1:30394) {
  [cause]: TypeError: Invalid URL
      at d (D:\personal\crai\crai-frontend\.next\standalone\.next\server\chunks\ssr\[root-of-the-server]__0fw3mdu._.js:17:7954)
      at R (D:\personal\crai\crai-frontend\.next\standalone\.next\server\chunks\ssr\[root-of-the-server]__0fw3mdu._.js:17:14281)
      at <unknown> (D:\personal\crai\crai-frontend\.next\standalone\.next\server\chunks\ssr\[root-of-the-server]__0fw3mdu._.js:17:16887)
      at <unknown> (D:\personal\crai\crai-frontend\.next\standalone\.next\server\chunks\ssr\[root-of-the-server]__0fw3mdu._.js:1:30866) {
    code: 'ERR_INVALID_URL',
    input: 'undefined/api/auth/jwt/create'
  }
}
⨯ TypeError: Failed to parse URL from undefined/api/auth/users/reset_password/
    at d (D:\personal\crai\crai-frontend\.next\standalone\.next\server\chunks\ssr\[root-of-the-server]__0fw3mdu._.js:17:7954)
    at R (D:\personal\crai\crai-frontend\.next\standalone\.next\server\chunks\ssr\[root-of-the-server]__0fw3mdu._.js:17:14281)
    at <unknown> (D:\personal\crai\crai-frontend\.next\standalone\.next\server\chunks\ssr\[root-of-the-server]__0fw3mdu._.js:17:16887)
    at <unknown> (D:\personal\crai\crai-frontend\.next\standalone\.next\server\chunks\ssr\[root-of-the-server]__0fw3mdu._.js:1:30866)
    at <unknown> (D:\personal\crai\crai-frontend\.next\standalone\.next\server\chunks\ssr\[root-of-the-server]__0fw3mdu._.js:1:30394) {
  [cause]: TypeError: Invalid URL
      at d (D:\personal\crai\crai-frontend\.next\standalone\.next\server\chunks\ssr\[root-of-the-server]__0fw3mdu._.js:17:7954)
      at R (D:\personal\crai\crai-frontend\.next\standalone\.next\server\chunks\ssr\[root-of-the-server]__0fw3mdu._.js:17:14281)
      at <unknown> (D:\personal\crai\crai-frontend\.next\standalone\.next\server\chunks\ssr\[root-of-the-server]__0fw3mdu._.js:17:16887)
      at <unknown> (D:\personal\crai\crai-frontend\.next\standalone\.next\server\chunks\ssr\[root-of-the-server]__0fw3mdu._.js:1:30866) {
    code: 'ERR_INVALID_URL',
    input: 'undefined/api/auth/users/reset_password/'
  }
}
⨯ TypeError: Failed to parse URL from undefined/api/auth/users/reset_password/
    at d (D:\personal\crai\crai-frontend\.next\standalone\.next\server\chunks\ssr\[root-of-the-server]__0fw3mdu._.js:17:7954)
    at R (D:\personal\crai\crai-frontend\.next\standalone\.next\server\chunks\ssr\[root-of-the-server]__0fw3mdu._.js:17:14281)
    at <unknown> (D:\personal\crai\crai-frontend\.next\standalone\.next\server\chunks\ssr\[root-of-the-server]__0fw3mdu._.js:17:16887)
    at <unknown> (D:\personal\crai\crai-frontend\.next\standalone\.next\server\chunks\ssr\[root-of-the-server]__0fw3mdu._.js:1:30866)
    at <unknown> (D:\personal\crai\crai-frontend\.next\standalone\.next\server\chunks\ssr\[root-of-the-server]__0fw3mdu._.js:1:30394) {
  [cause]: TypeError: Invalid URL
      at d (D:\personal\crai\crai-frontend\.next\standalone\.next\server\chunks\ssr\[root-of-the-server]__0fw3mdu._.js:17:7954)
      at R (D:\personal\crai\crai-frontend\.next\standalone\.next\server\chunks\ssr\[root-of-the-server]__0fw3mdu._.js:17:14281)
      at <unknown> (D:\personal\crai\crai-frontend\.next\standalone\.next\server\chunks\ssr\[root-of-the-server]__0fw3mdu._.js:17:16887)
      at <unknown> (D:\personal\crai\crai-frontend\.next\standalone\.next\server\chunks\ssr\[root-of-the-server]__0fw3mdu._.js:1:30866) {
    code: 'ERR_INVALID_URL',
    input: 'undefined/api/auth/users/reset_password/'
  }
}
